#
# There is insufficient memory for the Java Runtime Environment to continue.
# Native memory allocation (malloc) failed to allocate 2898736 bytes. Error detail: Chunk::new
# Possible reasons:
#   The system is out of physical RAM or swap space
#   This process is running with CompressedOops enabled, and the Java Heap may be blocking the growth of the native heap
# Possible solutions:
#   Reduce memory load on the system
#   Increase physical memory or swap space
#   Check if swap backing store is full
#   Decrease Java heap size (-Xmx/-Xms)
#   Decrease number of Java threads
#   Decrease Java thread stack sizes (-Xss)
#   Set larger code cache with -XX:ReservedCodeCacheSize=
#   JVM is running with Unscaled Compressed Oops mode in which the Java heap is
#     placed in the first 4GB address space. The Java Heap base address is the
#     maximum limit for the native heap growth. Please use -XX:HeapBaseMinAddress
#     to set the Java Heap base and to place the Java Heap above 4GB virtual address.
# This output file may be truncated or incomplete.
#
#  Out of Memory Error (arena.cpp:168), pid=5860, tid=11488
#
# JRE version: OpenJDK Runtime Environment Temurin-21.0.6+7 (21.0.6+7) (build 21.0.6+7-LTS)
# Java VM: OpenJDK 64-Bit Server VM Temurin-21.0.6+7 (21.0.6+7-LTS, mixed mode, sharing, tiered, compressed oops, compressed class ptrs, parallel gc, windows-amd64)
# No core dump will be written. Minidumps are not enabled by default on client versions of Windows
#

---------------  S U M M A R Y ------------

Command Line: --add-modules=ALL-SYSTEM --add-opens=java.base/java.util=ALL-UNNAMED --add-opens=java.base/java.lang=ALL-UNNAMED --add-opens=java.base/sun.nio.fs=ALL-UNNAMED -Declipse.application=org.eclipse.jdt.ls.core.id1 -Dosgi.bundles.defaultStartLevel=4 -Declipse.product=org.eclipse.jdt.ls.core.product -Djava.import.generatesMetadataFilesAtProjectRoot=false -DDetectVMInstallationsJob.disabled=true -Dfile.encoding=utf8 -XX:+UseParallelGC -XX:GCTimeRatio=4 -XX:AdaptiveSizePolicyWeight=90 -Dsun.zip.disableMemoryMapping=true -Xmx1G -Xms100m -Xlog:disable -javaagent:c:\Users\andresito\.vscode\extensions\redhat.java-1.40.0-win32-x64\lombok\lombok-1.18.36.jar -XX:+HeapDumpOnOutOfMemoryError -XX:HeapDumpPath=c:\Users\andresito\AppData\Roaming\Code\User\workspaceStorage\070172428c624401fee5b041fa7bc833\redhat.java -Daether.dependencyCollector.impl=bf c:\Users\andresito\.vscode\extensions\redhat.java-1.40.0-win32-x64\server\plugins\org.eclipse.equinox.launcher_1.6.1000.v20250131-0606.jar -configuration c:\Users\andresito\AppData\Roaming\Code\User\globalStorage\redhat.java\1.40.0\config_win -data c:\Users\andresito\AppData\Roaming\Code\User\workspaceStorage\070172428c624401fee5b041fa7bc833\redhat.java\jdt_ws --pipe=\\.\pipe\lsp-2fc3ebf929a119453869cdeae0de8d41-sock

Host: Intel(R) Core(TM) i7-6600U CPU @ 2.60GHz, 4 cores, 7G,  Windows 11 , 64 bit Build 22621 (10.0.22621.4391)
Time: Thu Mar 13 22:39:56 2025 Venezuela Standard Time elapsed time: 31.401996 seconds (0d 0h 0m 31s)

---------------  T H R E A D  ---------------

Current thread (0x000001c56a147230):  JavaThread "C2 CompilerThread0" daemon [_thread_in_native, id=11488, stack(0x0000003dadc00000,0x0000003dadd00000) (1024K)]


Current CompileTask:
C2:31402 12179       4       org.eclipse.jdt.internal.compiler.lookup.LookupEnvironment::getTypeFromTypeSignature (770 bytes)

Stack: [0x0000003dadc00000,0x0000003dadd00000]
Native frames: (J=compiled Java code, j=interpreted, Vv=VM code, C=native code)
V  [jvm.dll+0x6cdee9]
V  [jvm.dll+0x8a83d1]
V  [jvm.dll+0x8aa8fe]
V  [jvm.dll+0x8aafe3]
V  [jvm.dll+0x27f706]
V  [jvm.dll+0xc500d]
V  [jvm.dll+0xc5543]
V  [jvm.dll+0x3b678c]
V  [jvm.dll+0x1e0009]
V  [jvm.dll+0x247b42]
V  [jvm.dll+0x246fcf]
V  [jvm.dll+0x1c75ee]
V  [jvm.dll+0x25685a]
V  [jvm.dll+0x254dfa]
V  [jvm.dll+0x3f0256]
V  [jvm.dll+0x851f8b]
V  [jvm.dll+0x6cc5ed]
C  [ucrtbase.dll+0x29333]
C  [KERNEL32.DLL+0x1259d]
C  [ntdll.dll+0x5af38]


---------------  P R O C E S S  ---------------

Threads class SMR info:
_java_thread_list=0x000001c57149e610, length=49, elements={
0x000001c514cce200, 0x000001c514d8ac50, 0x000001c514d8d380, 0x000001c56a1420b0,
0x000001c56a142b00, 0x000001c56a143750, 0x000001c56a1443a0, 0x000001c56a147230,
0x000001c56a1b8410, 0x000001c514d3cd40, 0x000001c56f310cc0, 0x000001c56f9cf7d0,
0x000001c56fbe9440, 0x000001c56fbe6570, 0x000001c56f650b50, 0x000001c56fc2eea0,
0x000001c570331010, 0x000001c56fd9b140, 0x000001c56fd989e0, 0x000001c56fd97cc0,
0x000001c56fd9a420, 0x000001c56fd99700, 0x000001c56fd98350, 0x000001c56fd99070,
0x000001c56fd99d90, 0x000001c56fd9aab0, 0x000001c571791bd0, 0x000001c571791540,
0x000001c571792260, 0x000001c57178ede0, 0x000001c57178f470, 0x000001c571790820,
0x000001c57178fb00, 0x000001c571790190, 0x000001c571790eb0, 0x000001c5718bb420,
0x000001c5718ba070, 0x000001c5718bbab0, 0x000001c5718ba700, 0x000001c5731ee850,
0x000001c5718bc7d0, 0x000001c5718bc140, 0x000001c5718bce60, 0x000001c5718bad90,
0x000001c56fd42280, 0x000001c56fd42fa0, 0x000001c56fd3da50, 0x000001c56fd40ed0,
0x000001c56fd41bf0
}

Java Threads: ( => current thread )
  0x000001c514cce200 JavaThread "main"                              [_thread_blocked, id=7844, stack(0x0000003dad100000,0x0000003dad200000) (1024K)]
  0x000001c514d8ac50 JavaThread "Reference Handler"          daemon [_thread_blocked, id=7104, stack(0x0000003dad600000,0x0000003dad700000) (1024K)]
  0x000001c514d8d380 JavaThread "Finalizer"                  daemon [_thread_blocked, id=11252, stack(0x0000003dad700000,0x0000003dad800000) (1024K)]
  0x000001c56a1420b0 JavaThread "Signal Dispatcher"          daemon [_thread_blocked, id=10848, stack(0x0000003dad800000,0x0000003dad900000) (1024K)]
  0x000001c56a142b00 JavaThread "Attach Listener"            daemon [_thread_blocked, id=6652, stack(0x0000003dad900000,0x0000003dada00000) (1024K)]
  0x000001c56a143750 JavaThread "Service Thread"             daemon [_thread_blocked, id=12092, stack(0x0000003dada00000,0x0000003dadb00000) (1024K)]
  0x000001c56a1443a0 JavaThread "Monitor Deflation Thread"   daemon [_thread_blocked, id=1272, stack(0x0000003dadb00000,0x0000003dadc00000) (1024K)]
=>0x000001c56a147230 JavaThread "C2 CompilerThread0"         daemon [_thread_in_native, id=11488, stack(0x0000003dadc00000,0x0000003dadd00000) (1024K)]
  0x000001c56a1b8410 JavaThread "C1 CompilerThread0"         daemon [_thread_blocked, id=2904, stack(0x0000003dadd00000,0x0000003dade00000) (1024K)]
  0x000001c514d3cd40 JavaThread "Common-Cleaner"             daemon [_thread_blocked, id=6220, stack(0x0000003dade00000,0x0000003dadf00000) (1024K)]
  0x000001c56f310cc0 JavaThread "Notification Thread"        daemon [_thread_blocked, id=3544, stack(0x0000003dadf00000,0x0000003dae000000) (1024K)]
  0x000001c56f9cf7d0 JavaThread "Active Thread: Equinox Container: 308b79d7-1463-48de-aa0b-564f2920fdac"        [_thread_blocked, id=12032, stack(0x0000003dae400000,0x0000003dae500000) (1024K)]
  0x000001c56fbe9440 JavaThread "Refresh Thread: Equinox Container: 308b79d7-1463-48de-aa0b-564f2920fdac" daemon [_thread_blocked, id=11504, stack(0x0000003dae500000,0x0000003dae600000) (1024K)]
  0x000001c56fbe6570 JavaThread "Framework Event Dispatcher: Equinox Container: 308b79d7-1463-48de-aa0b-564f2920fdac" daemon [_thread_blocked, id=10720, stack(0x0000003dae600000,0x0000003dae700000) (1024K)]
  0x000001c56f650b50 JavaThread "Start Level: Equinox Container: 308b79d7-1463-48de-aa0b-564f2920fdac" daemon [_thread_blocked, id=10828, stack(0x0000003dae000000,0x0000003dae100000) (1024K)]
  0x000001c56fc2eea0 JavaThread "Bundle File Closer"         daemon [_thread_blocked, id=7660, stack(0x0000003dae800000,0x0000003dae900000) (1024K)]
  0x000001c570331010 JavaThread "SCR Component Actor"        daemon [_thread_blocked, id=9396, stack(0x0000003dae900000,0x0000003daea00000) (1024K)]
  0x000001c56fd9b140 JavaThread "Worker-JM"                         [_thread_blocked, id=9992, stack(0x0000003daea00000,0x0000003daeb00000) (1024K)]
  0x000001c56fd989e0 JavaThread "JNA Cleaner"                daemon [_thread_blocked, id=2784, stack(0x0000003daeb00000,0x0000003daec00000) (1024K)]
  0x000001c56fd97cc0 JavaThread "Worker-0"                          [_thread_blocked, id=2504, stack(0x0000003daec00000,0x0000003daed00000) (1024K)]
  0x000001c56fd9a420 JavaThread "Worker-1: Initialize workspace"        [_thread_blocked, id=7016, stack(0x0000003daed00000,0x0000003daee00000) (1024K)]
  0x000001c56fd99700 JavaThread "Java indexing"              daemon [_thread_blocked, id=12252, stack(0x0000003daef00000,0x0000003daf000000) (1024K)]
  0x000001c56fd98350 JavaThread "Worker-2"                          [_thread_blocked, id=11456, stack(0x0000003daf000000,0x0000003daf100000) (1024K)]
  0x000001c56fd99070 JavaThread "Worker-3"                          [_thread_blocked, id=8688, stack(0x0000003daf300000,0x0000003daf400000) (1024K)]
  0x000001c56fd99d90 JavaThread "Worker-4"                          [_thread_blocked, id=9352, stack(0x0000003daf400000,0x0000003daf500000) (1024K)]
  0x000001c56fd9aab0 JavaThread "Worker-5"                          [_thread_blocked, id=9792, stack(0x0000003daf500000,0x0000003daf600000) (1024K)]
  0x000001c571791bd0 JavaThread "Thread-2"                   daemon [_thread_in_native, id=1520, stack(0x0000003daf600000,0x0000003daf700000) (1024K)]
  0x000001c571791540 JavaThread "Thread-3"                   daemon [_thread_in_native, id=8636, stack(0x0000003daf700000,0x0000003daf800000) (1024K)]
  0x000001c571792260 JavaThread "Thread-4"                   daemon [_thread_in_native, id=5152, stack(0x0000003daf800000,0x0000003daf900000) (1024K)]
  0x000001c57178ede0 JavaThread "Thread-5"                   daemon [_thread_in_native, id=3852, stack(0x0000003daf900000,0x0000003dafa00000) (1024K)]
  0x000001c57178f470 JavaThread "Thread-6"                   daemon [_thread_in_native, id=9112, stack(0x0000003dafa00000,0x0000003dafb00000) (1024K)]
  0x000001c571790820 JavaThread "pool-2-thread-1"                   [_thread_blocked, id=1540, stack(0x0000003dafb00000,0x0000003dafc00000) (1024K)]
  0x000001c57178fb00 JavaThread "WorkspaceEventsHandler"            [_thread_blocked, id=11676, stack(0x0000003dafc00000,0x0000003dafd00000) (1024K)]
  0x000001c571790190 JavaThread "pool-1-thread-1"                   [_thread_blocked, id=3472, stack(0x0000003dafd00000,0x0000003dafe00000) (1024K)]
  0x000001c571790eb0 JavaThread "LocalFile Deleter"          daemon [_thread_blocked, id=2756, stack(0x0000003dae700000,0x0000003dae800000) (1024K)]
  0x000001c5718bb420 JavaThread "LocalFile Deleter"          daemon [_thread_blocked, id=6508, stack(0x0000003daee00000,0x0000003daef00000) (1024K)]
  0x000001c5718ba070 JavaThread "LocalFile Deleter"          daemon [_thread_blocked, id=10372, stack(0x0000003dafe00000,0x0000003daff00000) (1024K)]
  0x000001c5718bbab0 JavaThread "LocalFile Deleter"          daemon [_thread_blocked, id=1432, stack(0x0000003daff00000,0x0000003db0000000) (1024K)]
  0x000001c5718ba700 JavaThread "Compiler Source File Reader" daemon [_thread_blocked, id=6952, stack(0x0000003db0000000,0x0000003db0100000) (1024K)]
  0x000001c5731ee850 JavaThread "C2 CompilerThread1"         daemon [_thread_blocked, id=1176, stack(0x0000003db0100000,0x0000003db0200000) (1024K)]
  0x000001c5718bc7d0 JavaThread "Compiler Processing Task"   daemon [_thread_blocked, id=11368, stack(0x0000003db0200000,0x0000003db0300000) (1024K)]
  0x000001c5718bc140 JavaThread "Compiler Class File Writer" daemon [_thread_blocked, id=2212, stack(0x0000003db0300000,0x0000003db0400000) (1024K)]
  0x000001c5718bce60 JavaThread "Compiler Source File Reader" daemon [_thread_blocked, id=11256, stack(0x0000003db0400000,0x0000003db0500000) (1024K)]
  0x000001c5718bad90 JavaThread "Compiler Class File Writer" daemon [_thread_blocked, id=11856, stack(0x0000003db0500000,0x0000003db0600000) (1024K)]
  0x000001c56fd42280 
[error occurred during error reporting (printing all threads), id 0xc0000005, EXCEPTION_ACCESS_VIOLATION (0xc0000005) at pc=0x00007ff95c382be0]
VM state: at safepoint (normal execution)

VM Mutex/Monitor currently owned by a thread:  ([mutex/lock_event])
[0x00007ff95ceee380] Threads_lock - owner thread: 0x000001c56a13f5d0
[0x00007ff95ceee480] Heap_lock - owner thread: 0x000001c56fd9a420

Heap address: 0x00000000c0000000, size: 1024 MB, Compressed Oops mode: 32-bit

CDS archive(s) mapped at: [0x000001c529000000-0x000001c529ba0000-0x000001c529ba0000), size 12189696, SharedBaseAddress: 0x000001c529000000, ArchiveRelocationMode: 1.
Compressed class space mapped at: 0x000001c52a000000-0x000001c56a000000, reserved size: 1073741824
Narrow klass base: 0x000001c529000000, Narrow klass shift: 0, Narrow klass range: 0x100000000

GC Precious Log:
 CardTable entry size: 512
 CPUs: 4 total, 4 available
 Memory: 8047M
 Large Page Support: Disabled
 NUMA Support: Disabled
 Compressed Oops: Enabled (32-bit)
 Alignments: Space 512K, Generation 512K, Heap 2M
 Heap Min Capacity: 100M
 Heap Initial Capacity: 100M
 Heap Max Capacity: 1G
 Pre-touch: Disabled
 Parallel Workers: 4

Heap:
 PSYoungGen      total 5632K, used 5391K [0x00000000eab00000, 0x00000000eb200000, 0x0000000100000000)
  eden space 4096K, 100% used [0x00000000eab00000,0x00000000eaf00000,0x00000000eaf00000)
  from space 1536K, 84% used [0x00000000eaf00000,0x00000000eb043e60,0x00000000eb080000)
  to   space 1536K, 30% used [0x00000000eb080000,0x00000000eb0f5148,0x00000000eb200000)
 ParOldGen       total 165376K, used 165017K [0x00000000c0000000, 0x00000000ca180000, 0x00000000eab00000)
  object space 165376K, 99% used [0x00000000c0000000,0x00000000ca1266e0,0x00000000ca180000)
 Metaspace       used 64177K, committed 65600K, reserved 1114112K
  class space    used 6350K, committed 6976K, reserved 1048576K

Card table byte_map: [0x000001c514670000,0x000001c514880000] _byte_map_base: 0x000001c514070000

Marking Bits: (ParMarkBitMap*) 0x00007ff95cef3260
 Begin Bits: [0x000001c526ec0000, 0x000001c527ec0000)
 End Bits:   [0x000001c527ec0000, 0x000001c528ec0000)

Polling page: 0x000001c512c80000

Metaspace:

Usage:
  Non-class:     56.47 MB used.
      Class:      6.20 MB used.
       Both:     62.67 MB used.

Virtual space:
  Non-class space:       64.00 MB reserved,      57.25 MB ( 89%) committed,  1 nodes.
      Class space:        1.00 GB reserved,       6.81 MB ( <1%) committed,  1 nodes.
             Both:        1.06 GB reserved,      64.06 MB (  6%) committed. 

Chunk freelists:
   Non-Class:  6.17 MB
       Class:  9.16 MB
        Both:  15.33 MB

MaxMetaspaceSize: unlimited
CompressedClassSpaceSize: 1.00 GB
Initial GC threshold: 21.00 MB
Current GC threshold: 97.31 MB
CDS: on
 - commit_granule_bytes: 65536.
 - commit_granule_words: 8192.
 - virtual_space_node_default_size: 8388608.
 - enlarge_chunks_in_place: 1.
 - use_allocation_guard: 0.


Internal statistics:

num_allocs_failed_limit: 9.
num_arena_births: 1180.
num_arena_deaths: 16.
num_vsnodes_births: 2.
num_vsnodes_deaths: 0.
num_space_committed: 1025.
num_space_uncommitted: 0.
num_chunks_returned_to_freelist: 25.
num_chunks_taken_from_freelist: 4173.
num_chunk_merges: 15.
num_chunk_splits: 2593.
num_chunks_enlarged: 1528.
num_inconsistent_stats: 0.

CodeHeap 'non-profiled nmethods': size=120000Kb used=7331Kb max_used=8308Kb free=112668Kb
 bounds [0x000001c51f990000, 0x000001c5201b0000, 0x000001c526ec0000]
CodeHeap 'profiled nmethods': size=120000Kb used=24896Kb max_used=29795Kb free=95103Kb
 bounds [0x000001c517ec0000, 0x000001c519be0000, 0x000001c51f3f0000]
CodeHeap 'non-nmethods': size=5760Kb used=1439Kb max_used=1530Kb free=4320Kb
 bounds [0x000001c51f3f0000, 0x000001c51f660000, 0x000001c51f990000]
 total_blobs=11682 nmethods=10926 adapters=659
 compilation: enabled
              stopped_count=0, restarted_count=0
 full_count=0

Compilation events (20 events):
Event: 31.295 Thread 0x000001c56a1b8410 12904       2       java.lang.invoke.MethodHandles::insertArgumentsChecks (51 bytes)
Event: 31.295 Thread 0x000001c56a1b8410 nmethod 12904 0x000001c519bd4390 code [0x000001c519bd4560, 0x000001c519bd47e0]
Event: 31.308 Thread 0x000001c56a1b8410 12905       1       org.eclipse.jdt.internal.launching.RuntimeClasspathEntry::getClasspathEntry (5 bytes)
Event: 31.308 Thread 0x000001c56a1b8410 nmethod 12905 0x000001c5201ac990 code [0x000001c5201acb20, 0x000001c5201acbe8]
Event: 31.308 Thread 0x000001c56a1b8410 12906       1       org.eclipse.jdt.internal.launching.RuntimeClasspathEntry::getType (5 bytes)
Event: 31.308 Thread 0x000001c56a1b8410 nmethod 12906 0x000001c5201acc90 code [0x000001c5201ace20, 0x000001c5201acee8]
Event: 31.308 Thread 0x000001c56a1b8410 12907       1       org.eclipse.jdt.internal.launching.RuntimeClasspathEntry::getClasspathProperty (5 bytes)
Event: 31.308 Thread 0x000001c56a1b8410 nmethod 12907 0x000001c5201acf90 code [0x000001c5201ad120, 0x000001c5201ad1e8]
Event: 31.308 Thread 0x000001c56a1b8410 12908       2       org.eclipse.jdt.internal.core.ClasspathEntry::equals (274 bytes)
Event: 31.309 Thread 0x000001c56a1b8410 nmethod 12908 0x000001c519bd4a10 code [0x000001c519bd4cc0, 0x000001c519bd5528]
Event: 31.310 Thread 0x000001c56a1b8410 12909       2       org.eclipse.jdt.internal.launching.RuntimeClasspathEntry::getPath (23 bytes)
Event: 31.310 Thread 0x000001c56a1b8410 nmethod 12909 0x000001c519bd5890 code [0x000001c519bd5a40, 0x000001c519bd5bc0]
Event: 31.310 Thread 0x000001c56a1b8410 12910       2       org.eclipse.jdt.internal.core.JavaProject::rootID (18 bytes)
Event: 31.311 Thread 0x000001c56a1b8410 nmethod 12910 0x000001c519bd5d10 code [0x000001c519bd5f60, 0x000001c519bd6450]
Event: 31.311 Thread 0x000001c56a1b8410 12912       2       org.eclipse.jdt.internal.core.ClasspathEntry::hasDotDot (39 bytes)
Event: 31.311 Thread 0x000001c56a1b8410 nmethod 12912 0x000001c519bd6810 code [0x000001c519bd69e0, 0x000001c519bd6c88]
Event: 31.311 Thread 0x000001c56a1b8410 12911       2       org.eclipse.jdt.internal.launching.RuntimeClasspathEntry::equals (223 bytes)
Event: 31.313 Thread 0x000001c56a1b8410 nmethod 12911 0x000001c519bd6e90 code [0x000001c519bd71a0, 0x000001c519bd7ca8]
Event: 31.313 Thread 0x000001c56a1b8410 12913       2       org.eclipse.jdt.internal.core.JavaProject::computePackageFragmentRoots (51 bytes)
Event: 31.314 Thread 0x000001c56a1b8410 nmethod 12913 0x000001c519bd8410 code [0x000001c519bd8620, 0x000001c519bd8a70]

GC Heap History (20 events):
Event: 30.816 GC heap after
{Heap after GC invocations=266 (full 3):
 PSYoungGen      total 6144K, used 1515K [0x00000000eab00000, 0x00000000eb580000, 0x0000000100000000)
  eden space 4608K, 0% used [0x00000000eab00000,0x00000000eab00000,0x00000000eaf80000)
  from space 1536K, 98% used [0x00000000eaf80000,0x00000000eb0fad68,0x00000000eb100000)
  to   space 3072K, 0% used [0x00000000eb280000,0x00000000eb280000,0x00000000eb580000)
 ParOldGen       total 156672K, used 156382K [0x00000000c0000000, 0x00000000c9900000, 0x00000000eab00000)
  object space 156672K, 99% used [0x00000000c0000000,0x00000000c98b7a10,0x00000000c9900000)
 Metaspace       used 63907K, committed 65280K, reserved 1114112K
  class space    used 6334K, committed 6912K, reserved 1048576K
}
Event: 30.918 GC heap before
{Heap before GC invocations=267 (full 3):
 PSYoungGen      total 6144K, used 6123K [0x00000000eab00000, 0x00000000eb580000, 0x0000000100000000)
  eden space 4608K, 100% used [0x00000000eab00000,0x00000000eaf80000,0x00000000eaf80000)
  from space 1536K, 98% used [0x00000000eaf80000,0x00000000eb0fad68,0x00000000eb100000)
  to   space 3072K, 0% used [0x00000000eb280000,0x00000000eb280000,0x00000000eb580000)
 ParOldGen       total 156672K, used 156382K [0x00000000c0000000, 0x00000000c9900000, 0x00000000eab00000)
  object space 156672K, 99% used [0x00000000c0000000,0x00000000c98b7a10,0x00000000c9900000)
 Metaspace       used 63962K, committed 65344K, reserved 1114112K
  class space    used 6334K, committed 6912K, reserved 1048576K
}
Event: 30.921 GC heap after
{Heap after GC invocations=267 (full 3):
 PSYoungGen      total 6144K, used 1086K [0x00000000eab00000, 0x00000000eb400000, 0x0000000100000000)
  eden space 4608K, 0% used [0x00000000eab00000,0x00000000eab00000,0x00000000eaf80000)
  from space 1536K, 70% used [0x00000000eb280000,0x00000000eb38fb10,0x00000000eb400000)
  to   space 2048K, 0% used [0x00000000eb000000,0x00000000eb000000,0x00000000eb200000)
 ParOldGen       total 158208K, used 157880K [0x00000000c0000000, 0x00000000c9a80000, 0x00000000eab00000)
  object space 158208K, 99% used [0x00000000c0000000,0x00000000c9a2e3e0,0x00000000c9a80000)
 Metaspace       used 63962K, committed 65344K, reserved 1114112K
  class space    used 6334K, committed 6912K, reserved 1048576K
}
Event: 30.965 GC heap before
{Heap before GC invocations=268 (full 3):
 PSYoungGen      total 6144K, used 5694K [0x00000000eab00000, 0x00000000eb400000, 0x0000000100000000)
  eden space 4608K, 100% used [0x00000000eab00000,0x00000000eaf80000,0x00000000eaf80000)
  from space 1536K, 70% used [0x00000000eb280000,0x00000000eb38fb10,0x00000000eb400000)
  to   space 2048K, 0% used [0x00000000eb000000,0x00000000eb000000,0x00000000eb200000)
 ParOldGen       total 158208K, used 157880K [0x00000000c0000000, 0x00000000c9a80000, 0x00000000eab00000)
  object space 158208K, 99% used [0x00000000c0000000,0x00000000c9a2e3e0,0x00000000c9a80000)
 Metaspace       used 63979K, committed 65344K, reserved 1114112K
  class space    used 6335K, committed 6912K, reserved 1048576K
}
Event: 30.968 GC heap after
{Heap after GC invocations=268 (full 3):
 PSYoungGen      total 6144K, used 1124K [0x00000000eab00000, 0x00000000eb300000, 0x0000000100000000)
  eden space 4608K, 0% used [0x00000000eab00000,0x00000000eab00000,0x00000000eaf80000)
  from space 1536K, 73% used [0x00000000eb000000,0x00000000eb119230,0x00000000eb180000)
  to   space 1536K, 0% used [0x00000000eb180000,0x00000000eb180000,0x00000000eb300000)
 ParOldGen       total 158720K, used 158298K [0x00000000c0000000, 0x00000000c9b00000, 0x00000000eab00000)
  object space 158720K, 99% used [0x00000000c0000000,0x00000000c9a96ba8,0x00000000c9b00000)
 Metaspace       used 63979K, committed 65344K, reserved 1114112K
  class space    used 6335K, committed 6912K, reserved 1048576K
}
Event: 31.040 GC heap before
{Heap before GC invocations=269 (full 3):
 PSYoungGen      total 6144K, used 5732K [0x00000000eab00000, 0x00000000eb300000, 0x0000000100000000)
  eden space 4608K, 99% used [0x00000000eab00000,0x00000000eaf7fff0,0x00000000eaf80000)
  from space 1536K, 73% used [0x00000000eb000000,0x00000000eb119230,0x00000000eb180000)
  to   space 1536K, 0% used [0x00000000eb180000,0x00000000eb180000,0x00000000eb300000)
 ParOldGen       total 158720K, used 158298K [0x00000000c0000000, 0x00000000c9b00000, 0x00000000eab00000)
  object space 158720K, 99% used [0x00000000c0000000,0x00000000c9a96ba8,0x00000000c9b00000)
 Metaspace       used 64014K, committed 65408K, reserved 1114112K
  class space    used 6335K, committed 6912K, reserved 1048576K
}
Event: 31.043 GC heap after
{Heap after GC invocations=269 (full 3):
 PSYoungGen      total 6144K, used 1351K [0x00000000eab00000, 0x00000000eb300000, 0x0000000100000000)
  eden space 4608K, 0% used [0x00000000eab00000,0x00000000eab00000,0x00000000eaf80000)
  from space 1536K, 88% used [0x00000000eb180000,0x00000000eb2d1fa0,0x00000000eb300000)
  to   space 1536K, 0% used [0x00000000eb000000,0x00000000eb000000,0x00000000eb180000)
 ParOldGen       total 159744K, used 159340K [0x00000000c0000000, 0x00000000c9c00000, 0x00000000eab00000)
  object space 159744K, 99% used [0x00000000c0000000,0x00000000c9b9b020,0x00000000c9c00000)
 Metaspace       used 64014K, committed 65408K, reserved 1114112K
  class space    used 6335K, committed 6912K, reserved 1048576K
}
Event: 31.114 GC heap before
{Heap before GC invocations=270 (full 3):
 PSYoungGen      total 6144K, used 5959K [0x00000000eab00000, 0x00000000eb300000, 0x0000000100000000)
  eden space 4608K, 100% used [0x00000000eab00000,0x00000000eaf80000,0x00000000eaf80000)
  from space 1536K, 88% used [0x00000000eb180000,0x00000000eb2d1fa0,0x00000000eb300000)
  to   space 1536K, 0% used [0x00000000eb000000,0x00000000eb000000,0x00000000eb180000)
 ParOldGen       total 159744K, used 159340K [0x00000000c0000000, 0x00000000c9c00000, 0x00000000eab00000)
  object space 159744K, 99% used [0x00000000c0000000,0x00000000c9b9b020,0x00000000c9c00000)
 Metaspace       used 64059K, committed 65472K, reserved 1114112K
  class space    used 6341K, committed 6976K, reserved 1048576K
}
Event: 31.119 GC heap after
{Heap after GC invocations=270 (full 3):
 PSYoungGen      total 6144K, used 1067K [0x00000000eab00000, 0x00000000eb280000, 0x0000000100000000)
  eden space 4608K, 0% used [0x00000000eab00000,0x00000000eab00000,0x00000000eaf80000)
  from space 1536K, 69% used [0x00000000eb000000,0x00000000eb10ae38,0x00000000eb180000)
  to   space 1024K, 0% used [0x00000000eb180000,0x00000000eb180000,0x00000000eb280000)
 ParOldGen       total 160768K, used 160577K [0x00000000c0000000, 0x00000000c9d00000, 0x00000000eab00000)
  object space 160768K, 99% used [0x00000000c0000000,0x00000000c9cd0740,0x00000000c9d00000)
 Metaspace       used 64059K, committed 65472K, reserved 1114112K
  class space    used 6341K, committed 6976K, reserved 1048576K
}
Event: 31.152 GC heap before
{Heap before GC invocations=271 (full 3):
 PSYoungGen      total 6144K, used 5675K [0x00000000eab00000, 0x00000000eb280000, 0x0000000100000000)
  eden space 4608K, 100% used [0x00000000eab00000,0x00000000eaf80000,0x00000000eaf80000)
  from space 1536K, 69% used [0x00000000eb000000,0x00000000eb10ae38,0x00000000eb180000)
  to   space 1024K, 0% used [0x00000000eb180000,0x00000000eb180000,0x00000000eb280000)
 ParOldGen       total 160768K, used 160577K [0x00000000c0000000, 0x00000000c9d00000, 0x00000000eab00000)
  object space 160768K, 99% used [0x00000000c0000000,0x00000000c9cd0740,0x00000000c9d00000)
 Metaspace       used 64062K, committed 65472K, reserved 1114112K
  class space    used 6341K, committed 6976K, reserved 1048576K
}
Event: 31.154 GC heap after
{Heap after GC invocations=271 (full 3):
 PSYoungGen      total 5120K, used 995K [0x00000000eab00000, 0x00000000eb480000, 0x0000000100000000)
  eden space 4096K, 0% used [0x00000000eab00000,0x00000000eab00000,0x00000000eaf00000)
  from space 1024K, 97% used [0x00000000eb180000,0x00000000eb278c60,0x00000000eb280000)
  to   space 2560K, 0% used [0x00000000eaf00000,0x00000000eaf00000,0x00000000eb180000)
 ParOldGen       total 161792K, used 161586K [0x00000000c0000000, 0x00000000c9e00000, 0x00000000eab00000)
  object space 161792K, 99% used [0x00000000c0000000,0x00000000c9dcca50,0x00000000c9e00000)
 Metaspace       used 64062K, committed 65472K, reserved 1114112K
  class space    used 6341K, committed 6976K, reserved 1048576K
}
Event: 31.194 GC heap before
{Heap before GC invocations=272 (full 3):
 PSYoungGen      total 5120K, used 5087K [0x00000000eab00000, 0x00000000eb480000, 0x0000000100000000)
  eden space 4096K, 99% used [0x00000000eab00000,0x00000000eaeff248,0x00000000eaf00000)
  from space 1024K, 97% used [0x00000000eb180000,0x00000000eb278c60,0x00000000eb280000)
  to   space 2560K, 0% used [0x00000000eaf00000,0x00000000eaf00000,0x00000000eb180000)
 ParOldGen       total 161792K, used 161586K [0x00000000c0000000, 0x00000000c9e00000, 0x00000000eab00000)
  object space 161792K, 99% used [0x00000000c0000000,0x00000000c9dcca50,0x00000000c9e00000)
 Metaspace       used 64064K, committed 65472K, reserved 1114112K
  class space    used 6341K, committed 6976K, reserved 1048576K
}
Event: 31.197 GC heap after
{Heap after GC invocations=272 (full 3):
 PSYoungGen      total 5120K, used 732K [0x00000000eab00000, 0x00000000eb200000, 0x0000000100000000)
  eden space 4096K, 0% used [0x00000000eab00000,0x00000000eab00000,0x00000000eaf00000)
  from space 1024K, 71% used [0x00000000eaf00000,0x00000000eafb7398,0x00000000eb000000)
  to   space 1536K, 0% used [0x00000000eb080000,0x00000000eb080000,0x00000000eb200000)
 ParOldGen       total 162816K, used 162518K [0x00000000c0000000, 0x00000000c9f00000, 0x00000000eab00000)
  object space 162816K, 99% used [0x00000000c0000000,0x00000000c9eb5898,0x00000000c9f00000)
 Metaspace       used 64064K, committed 65472K, reserved 1114112K
  class space    used 6341K, committed 6976K, reserved 1048576K
}
Event: 31.232 GC heap before
{Heap before GC invocations=273 (full 3):
 PSYoungGen      total 5120K, used 4828K [0x00000000eab00000, 0x00000000eb200000, 0x0000000100000000)
  eden space 4096K, 100% used [0x00000000eab00000,0x00000000eaf00000,0x00000000eaf00000)
  from space 1024K, 71% used [0x00000000eaf00000,0x00000000eafb7398,0x00000000eb000000)
  to   space 1536K, 0% used [0x00000000eb080000,0x00000000eb080000,0x00000000eb200000)
 ParOldGen       total 162816K, used 162518K [0x00000000c0000000, 0x00000000c9f00000, 0x00000000eab00000)
  object space 162816K, 99% used [0x00000000c0000000,0x00000000c9eb5898,0x00000000c9f00000)
 Metaspace       used 64070K, committed 65472K, reserved 1114112K
  class space    used 6342K, committed 6976K, reserved 1048576K
}
Event: 31.235 GC heap after
{Heap after GC invocations=273 (full 3):
 PSYoungGen      total 5632K, used 999K [0x00000000eab00000, 0x00000000eb200000, 0x0000000100000000)
  eden space 4096K, 0% used [0x00000000eab00000,0x00000000eab00000,0x00000000eaf00000)
  from space 1536K, 65% used [0x00000000eb080000,0x00000000eb179ea8,0x00000000eb200000)
  to   space 1536K, 0% used [0x00000000eaf00000,0x00000000eaf00000,0x00000000eb080000)
 ParOldGen       total 163328K, used 163129K [0x00000000c0000000, 0x00000000c9f80000, 0x00000000eab00000)
  object space 163328K, 99% used [0x00000000c0000000,0x00000000c9f4e680,0x00000000c9f80000)
 Metaspace       used 64070K, committed 65472K, reserved 1114112K
  class space    used 6342K, committed 6976K, reserved 1048576K
}
Event: 31.270 GC heap before
{Heap before GC invocations=274 (full 3):
 PSYoungGen      total 5632K, used 5089K [0x00000000eab00000, 0x00000000eb200000, 0x0000000100000000)
  eden space 4096K, 99% used [0x00000000eab00000,0x00000000eaefe6d8,0x00000000eaf00000)
  from space 1536K, 65% used [0x00000000eb080000,0x00000000eb179ea8,0x00000000eb200000)
  to   space 1536K, 0% used [0x00000000eaf00000,0x00000000eaf00000,0x00000000eb080000)
 ParOldGen       total 163328K, used 163129K [0x00000000c0000000, 0x00000000c9f80000, 0x00000000eab00000)
  object space 163328K, 99% used [0x00000000c0000000,0x00000000c9f4e680,0x00000000c9f80000)
 Metaspace       used 64072K, committed 65472K, reserved 1114112K
  class space    used 6342K, committed 6976K, reserved 1048576K
}
Event: 31.272 GC heap after
{Heap after GC invocations=274 (full 3):
 PSYoungGen      total 5632K, used 1295K [0x00000000eab00000, 0x00000000eb200000, 0x0000000100000000)
  eden space 4096K, 0% used [0x00000000eab00000,0x00000000eab00000,0x00000000eaf00000)
  from space 1536K, 84% used [0x00000000eaf00000,0x00000000eb043e60,0x00000000eb080000)
  to   space 1536K, 0% used [0x00000000eb080000,0x00000000eb080000,0x00000000eb200000)
 ParOldGen       total 164352K, used 164084K [0x00000000c0000000, 0x00000000ca080000, 0x00000000eab00000)
  object space 164352K, 99% used [0x00000000c0000000,0x00000000ca03d090,0x00000000ca080000)
 Metaspace       used 64072K, committed 65472K, reserved 1114112K
  class space    used 6342K, committed 6976K, reserved 1048576K
}
Event: 31.315 GC heap before
{Heap before GC invocations=275 (full 3):
 PSYoungGen      total 5632K, used 5391K [0x00000000eab00000, 0x00000000eb200000, 0x0000000100000000)
  eden space 4096K, 100% used [0x00000000eab00000,0x00000000eaf00000,0x00000000eaf00000)
  from space 1536K, 84% used [0x00000000eaf00000,0x00000000eb043e60,0x00000000eb080000)
  to   space 1536K, 0% used [0x00000000eb080000,0x00000000eb080000,0x00000000eb200000)
 ParOldGen       total 164352K, used 164084K [0x00000000c0000000, 0x00000000ca080000, 0x00000000eab00000)
  object space 164352K, 99% used [0x00000000c0000000,0x00000000ca03d090,0x00000000ca080000)
 Metaspace       used 64177K, committed 65600K, reserved 1114112K
  class space    used 6350K, committed 6976K, reserved 1048576K
}
Event: 31.319 GC heap after
{Heap after GC invocations=275 (full 3):
 PSYoungGen      total 5632K, used 5391K [0x00000000eab00000, 0x00000000eb200000, 0x0000000100000000)
  eden space 4096K, 100% used [0x00000000eab00000,0x00000000eaf00000,0x00000000eaf00000)
  from space 1536K, 84% used [0x00000000eaf00000,0x00000000eb043e60,0x00000000eb080000)
  to   space 1536K, 30% used [0x00000000eb080000,0x00000000eb0f5148,0x00000000eb200000)
 ParOldGen       total 165376K, used 165017K [0x00000000c0000000, 0x00000000ca180000, 0x00000000eab00000)
  object space 165376K, 99% used [0x00000000c0000000,0x00000000ca1266e0,0x00000000ca180000)
 Metaspace       used 64177K, committed 65600K, reserved 1114112K
  class space    used 6350K, committed 6976K, reserved 1048576K
}
Event: 31.319 GC heap before
{Heap before GC invocations=276 (full 4):
 PSYoungGen      total 5632K, used 5391K [0x00000000eab00000, 0x00000000eb200000, 0x0000000100000000)
  eden space 4096K, 100% used [0x00000000eab00000,0x00000000eaf00000,0x00000000eaf00000)
  from space 1536K, 84% used [0x00000000eaf00000,0x00000000eb043e60,0x00000000eb080000)
  to   space 1536K, 30% used [0x00000000eb080000,0x00000000eb0f5148,0x00000000eb200000)
 ParOldGen       total 165376K, used 165017K [0x00000000c0000000, 0x00000000ca180000, 0x00000000eab00000)
  object space 165376K, 99% used [0x00000000c0000000,0x00000000ca1266e0,0x00000000ca180000)
 Metaspace       used 64177K, committed 65600K, reserved 1114112K
  class space    used 6350K, committed 6976K, reserved 1048576K
}

Dll operation events (10 events):
Event: 0.011 Loaded shared library c:\Users\andresito\.vscode\extensions\redhat.java-1.40.0-win32-x64\jre\21.0.6-win32-x86_64\bin\java.dll
Event: 0.366 Loaded shared library c:\Users\andresito\.vscode\extensions\redhat.java-1.40.0-win32-x64\jre\21.0.6-win32-x86_64\bin\zip.dll
Event: 0.416 Loaded shared library C:\Users\andresito\.vscode\extensions\redhat.java-1.40.0-win32-x64\jre\21.0.6-win32-x86_64\bin\instrument.dll
Event: 0.424 Loaded shared library C:\Users\andresito\.vscode\extensions\redhat.java-1.40.0-win32-x64\jre\21.0.6-win32-x86_64\bin\net.dll
Event: 0.426 Loaded shared library C:\Users\andresito\.vscode\extensions\redhat.java-1.40.0-win32-x64\jre\21.0.6-win32-x86_64\bin\nio.dll
Event: 0.431 Loaded shared library C:\Users\andresito\.vscode\extensions\redhat.java-1.40.0-win32-x64\jre\21.0.6-win32-x86_64\bin\zip.dll
Event: 0.502 Loaded shared library C:\Users\andresito\.vscode\extensions\redhat.java-1.40.0-win32-x64\jre\21.0.6-win32-x86_64\bin\jimage.dll
Event: 0.624 Loaded shared library c:\Users\andresito\.vscode\extensions\redhat.java-1.40.0-win32-x64\jre\21.0.6-win32-x86_64\bin\verify.dll
Event: 3.202 Loaded shared library C:\Users\andresito\AppData\Roaming\Code\User\globalStorage\redhat.java\1.40.0\config_win\org.eclipse.equinox.launcher\org.eclipse.equinox.launcher.win32.win32.x86_64_1.2.1200.v20250212-0927\eclipse_11909.dll
Event: 6.470 Loaded shared library C:\Users\andresito\AppData\Local\Temp\jna-1122769051\jna13339996090938009327.dll

Deoptimization events (20 events):
Event: 31.165 Thread 0x000001c56fd99d90 DEOPT PACKING pc=0x000001c519a0d01e sp=0x0000003daf4fdc60
Event: 31.165 Thread 0x000001c56fd99d90 DEOPT UNPACKING pc=0x000001c51f444242 sp=0x0000003daf4fd1b8 mode 0
Event: 31.175 Thread 0x000001c56fd99700 DEOPT PACKING pc=0x000001c51995679a sp=0x0000003daeffe9f0
Event: 31.175 Thread 0x000001c56fd99700 DEOPT UNPACKING pc=0x000001c51f444242 sp=0x0000003daeffdf78 mode 0
Event: 31.213 Thread 0x000001c56fd99700 DEOPT PACKING pc=0x000001c51995679a sp=0x0000003daeffe9f0
Event: 31.213 Thread 0x000001c56fd99700 DEOPT UNPACKING pc=0x000001c51f444242 sp=0x0000003daeffdf78 mode 0
Event: 31.230 Thread 0x000001c56fd99700 DEOPT PACKING pc=0x000001c51995679a sp=0x0000003daeffe9f0
Event: 31.230 Thread 0x000001c56fd99700 DEOPT UNPACKING pc=0x000001c51f444242 sp=0x0000003daeffdf78 mode 0
Event: 31.236 Thread 0x000001c56fd99700 DEOPT PACKING pc=0x000001c51995679a sp=0x0000003daeffe9f0
Event: 31.236 Thread 0x000001c56fd99700 DEOPT UNPACKING pc=0x000001c51f444242 sp=0x0000003daeffdf78 mode 0
Event: 31.237 Thread 0x000001c56fd99700 DEOPT PACKING pc=0x000001c51995679a sp=0x0000003daeffe9f0
Event: 31.237 Thread 0x000001c56fd99700 DEOPT UNPACKING pc=0x000001c51f444242 sp=0x0000003daeffdf78 mode 0
Event: 31.248 Thread 0x000001c56fd99700 DEOPT PACKING pc=0x000001c51995679a sp=0x0000003daeffe9f0
Event: 31.248 Thread 0x000001c56fd99700 DEOPT UNPACKING pc=0x000001c51f444242 sp=0x0000003daeffdf78 mode 0
Event: 31.252 Thread 0x000001c56fd99d90 DEOPT PACKING pc=0x000001c51973b37a sp=0x0000003daf4fdc10
Event: 31.252 Thread 0x000001c56fd99d90 DEOPT UNPACKING pc=0x000001c51f444242 sp=0x0000003daf4fd128 mode 0
Event: 31.257 Thread 0x000001c56fd99d90 DEOPT PACKING pc=0x000001c519a0d01e sp=0x0000003daf4fdc60
Event: 31.257 Thread 0x000001c56fd99d90 DEOPT UNPACKING pc=0x000001c51f444242 sp=0x0000003daf4fd1b8 mode 0
Event: 31.314 Thread 0x000001c56fd9a420 DEOPT PACKING pc=0x000001c51995679a sp=0x0000003daedfe190
Event: 31.314 Thread 0x000001c56fd9a420 DEOPT UNPACKING pc=0x000001c51f444242 sp=0x0000003daedfd718 mode 0

Classes loaded (20 events):
Event: 24.660 Loading class java/util/Collections$SynchronizedList done
Event: 24.660 Loading class java/util/Collections$SynchronizedRandomAccessList done
Event: 24.686 Loading class java/util/concurrent/CompletableFuture$Signaller
Event: 24.687 Loading class java/util/concurrent/CompletableFuture$Signaller done
Event: 25.000 Loading class java/nio/charset/CharacterCodingException
Event: 25.000 Loading class java/nio/charset/CharacterCodingException done
Event: 25.000 Loading class java/io/SequenceInputStream
Event: 25.000 Loading class java/io/SequenceInputStream done
Event: 26.316 Loading class java/util/ArrayDeque$DeqSpliterator
Event: 26.317 Loading class java/util/ArrayDeque$DeqSpliterator done
Event: 29.874 Loading class java/util/concurrent/CompletableFuture$UniApply
Event: 29.875 Loading class java/util/concurrent/CompletableFuture$UniCompletion
Event: 29.875 Loading class java/util/concurrent/CompletableFuture$UniCompletion done
Event: 29.875 Loading class java/util/concurrent/CompletableFuture$UniApply done
Event: 29.876 Loading class java/util/concurrent/CompletableFuture$UniAccept
Event: 29.876 Loading class java/util/concurrent/CompletableFuture$UniAccept done
Event: 29.876 Loading class java/util/concurrent/CompletableFuture$UniExceptionally
Event: 29.876 Loading class java/util/concurrent/CompletableFuture$UniExceptionally done
Event: 29.971 Loading class java/util/Hashtable$KeySet
Event: 29.971 Loading class java/util/Hashtable$KeySet done

Classes unloaded (8 events):
Event: 7.416 Thread 0x000001c56a13f5d0 Unloading class 0x000001c52a199400 'java/lang/invoke/LambdaForm$MH+0x000001c52a199400'
Event: 7.416 Thread 0x000001c56a13f5d0 Unloading class 0x000001c52a199000 'java/lang/invoke/LambdaForm$MH+0x000001c52a199000'
Event: 7.416 Thread 0x000001c56a13f5d0 Unloading class 0x000001c52a198c00 'java/lang/invoke/LambdaForm$MH+0x000001c52a198c00'
Event: 7.416 Thread 0x000001c56a13f5d0 Unloading class 0x000001c52a198800 'java/lang/invoke/LambdaForm$MH+0x000001c52a198800'
Event: 7.416 Thread 0x000001c56a13f5d0 Unloading class 0x000001c52a198400 'java/lang/invoke/LambdaForm$BMH+0x000001c52a198400'
Event: 7.416 Thread 0x000001c56a13f5d0 Unloading class 0x000001c52a198000 'java/lang/invoke/LambdaForm$DMH+0x000001c52a198000'
Event: 7.416 Thread 0x000001c56a13f5d0 Unloading class 0x000001c52a196c00 'java/lang/invoke/LambdaForm$DMH+0x000001c52a196c00'
Event: 8.964 Thread 0x000001c56a13f5d0 Unloading class 0x000001c52a316800 'java/lang/invoke/LambdaForm$MH+0x000001c52a316800'

Classes redefined (0 events):
No events

Internal exceptions (20 events):
Event: 29.865 Thread 0x000001c571790190 Exception <a 'sun/nio/fs/WindowsException'{0x00000000eae9ba78}> (0x00000000eae9ba78) 
thrown [s\src\hotspot\share\prims\jni.cpp, line 520]
Event: 29.866 Thread 0x000001c571790190 Exception <a 'sun/nio/fs/WindowsException'{0x00000000eaea5908}> (0x00000000eaea5908) 
thrown [s\src\hotspot\share\prims\jni.cpp, line 520]
Event: 29.866 Thread 0x000001c571790190 Exception <a 'sun/nio/fs/WindowsException'{0x00000000eaea63c0}> (0x00000000eaea63c0) 
thrown [s\src\hotspot\share\prims\jni.cpp, line 520]
Event: 29.867 Thread 0x000001c571790190 Exception <a 'sun/nio/fs/WindowsException'{0x00000000eaeb8910}> (0x00000000eaeb8910) 
thrown [s\src\hotspot\share\prims\jni.cpp, line 520]
Event: 29.867 Thread 0x000001c571790190 Exception <a 'sun/nio/fs/WindowsException'{0x00000000eaeb90a8}> (0x00000000eaeb90a8) 
thrown [s\src\hotspot\share\prims\jni.cpp, line 520]
Event: 29.867 Thread 0x000001c571790190 Exception <a 'sun/nio/fs/WindowsException'{0x00000000eaeb9af0}> (0x00000000eaeb9af0) 
thrown [s\src\hotspot\share\prims\jni.cpp, line 520]
Event: 29.867 Thread 0x000001c571790190 Exception <a 'sun/nio/fs/WindowsException'{0x00000000eaeba028}> (0x00000000eaeba028) 
thrown [s\src\hotspot\share\prims\jni.cpp, line 520]
Event: 29.871 Thread 0x000001c571790190 Exception <a 'java/lang/IncompatibleClassChangeError'{0x00000000eaf17340}: Found class java.lang.Object, but interface was expected> (0x00000000eaf17340) 
thrown [s\src\hotspot\share\interpreter\linkResolver.cpp, line 840]
Event: 29.951 Thread 0x000001c571790190 Exception <a 'java/lang/IncompatibleClassChangeError'{0x00000000ead63130}: Found class java.lang.Object, but interface was expected> (0x00000000ead63130) 
thrown [s\src\hotspot\share\interpreter\linkResolver.cpp, line 840]
Event: 30.182 Thread 0x000001c571790190 Exception <a 'java/lang/IncompatibleClassChangeError'{0x00000000eaba2f48}: Found class java.lang.Object, but interface was expected> (0x00000000eaba2f48) 
thrown [s\src\hotspot\share\interpreter\linkResolver.cpp, line 840]
Event: 31.099 Thread 0x000001c56fd99d90 Exception <a 'sun/nio/fs/WindowsException'{0x00000000eaeee988}> (0x00000000eaeee988) 
thrown [s\src\hotspot\share\prims\jni.cpp, line 520]
Event: 31.099 Thread 0x000001c56fd99d90 Exception <a 'sun/nio/fs/WindowsException'{0x00000000eaeeeec0}> (0x00000000eaeeeec0) 
thrown [s\src\hotspot\share\prims\jni.cpp, line 520]
Event: 31.298 Thread 0x000001c56fd9a420 Exception <a 'sun/nio/fs/WindowsException'{0x00000000eae45088}> (0x00000000eae45088) 
thrown [s\src\hotspot\share\prims\jni.cpp, line 520]
Event: 31.298 Thread 0x000001c56fd9a420 Exception <a 'sun/nio/fs/WindowsException'{0x00000000eae455c0}> (0x00000000eae455c0) 
thrown [s\src\hotspot\share\prims\jni.cpp, line 520]
Event: 31.298 Thread 0x000001c56fd9a420 Exception <a 'sun/nio/fs/WindowsException'{0x00000000eae46360}> (0x00000000eae46360) 
thrown [s\src\hotspot\share\prims\jni.cpp, line 520]
Event: 31.299 Thread 0x000001c56fd9a420 Exception <a 'sun/nio/fs/WindowsException'{0x00000000eae46898}> (0x00000000eae46898) 
thrown [s\src\hotspot\share\prims\jni.cpp, line 520]
Event: 31.302 Thread 0x000001c56fd9a420 Exception <a 'java/io/FileNotFoundException'{0x00000000eae5d4e8}> (0x00000000eae5d4e8) 
thrown [s\src\hotspot\share\prims\jni.cpp, line 520]
Event: 31.302 Thread 0x000001c56fd9a420 Exception <a 'java/io/FileNotFoundException'{0x00000000eae5e288}> (0x00000000eae5e288) 
thrown [s\src\hotspot\share\prims\jni.cpp, line 520]
Event: 31.311 Thread 0x000001c56fd9a420 Exception <a 'sun/nio/fs/WindowsException'{0x00000000eaeb6aa8}> (0x00000000eaeb6aa8) 
thrown [s\src\hotspot\share\prims\jni.cpp, line 520]
Event: 31.311 Thread 0x000001c56fd9a420 Exception <a 'sun/nio/fs/WindowsException'{0x00000000eaeb6fe0}> (0x00000000eaeb6fe0) 
thrown [s\src\hotspot\share\prims\jni.cpp, line 520]

ZGC Phase Switch (0 events):
No events

VM Operations (20 events):
Event: 30.662 Executing VM operation: ParallelGCFailedAllocation (Allocation Failure) done
Event: 30.716 Executing VM operation: ParallelGCFailedAllocation (Allocation Failure)
Event: 30.816 Executing VM operation: ParallelGCFailedAllocation (Allocation Failure) done
Event: 30.903 Executing VM operation: ParallelGCFailedAllocation (Allocation Failure)
Event: 30.921 Executing VM operation: ParallelGCFailedAllocation (Allocation Failure) done
Event: 30.964 Executing VM operation: ParallelGCFailedAllocation (Allocation Failure)
Event: 30.968 Executing VM operation: ParallelGCFailedAllocation (Allocation Failure) done
Event: 31.029 Executing VM operation: ParallelGCFailedAllocation (Allocation Failure)
Event: 31.043 Executing VM operation: ParallelGCFailedAllocation (Allocation Failure) done
Event: 31.113 Executing VM operation: ParallelGCFailedAllocation (Allocation Failure)
Event: 31.119 Executing VM operation: ParallelGCFailedAllocation (Allocation Failure) done
Event: 31.152 Executing VM operation: ParallelGCFailedAllocation (Allocation Failure)
Event: 31.154 Executing VM operation: ParallelGCFailedAllocation (Allocation Failure) done
Event: 31.194 Executing VM operation: ParallelGCFailedAllocation (Allocation Failure)
Event: 31.197 Executing VM operation: ParallelGCFailedAllocation (Allocation Failure) done
Event: 31.232 Executing VM operation: ParallelGCFailedAllocation (Allocation Failure)
Event: 31.235 Executing VM operation: ParallelGCFailedAllocation (Allocation Failure) done
Event: 31.261 Executing VM operation: ParallelGCFailedAllocation (Allocation Failure)
Event: 31.272 Executing VM operation: ParallelGCFailedAllocation (Allocation Failure) done
Event: 31.315 Executing VM operation: ParallelGCFailedAllocation (Allocation Failure)

Memory protections (0 events):
No events

Nmethod flushes (20 events):
Event: 23.692 Thread 0x000001c56a13f5d0 flushing  nmethod 0x000001c518750810
Event: 23.692 Thread 0x000001c56a13f5d0 flushing  nmethod 0x000001c51875ee10
Event: 23.692 Thread 0x000001c56a13f5d0 flushing  nmethod 0x000001c51875f410
Event: 23.692 Thread 0x000001c56a13f5d0 flushing  nmethod 0x000001c518760810
Event: 23.692 Thread 0x000001c56a13f5d0 flushing  nmethod 0x000001c518763d10
Event: 23.692 Thread 0x000001c56a13f5d0 flushing  nmethod 0x000001c518764b90
Event: 23.692 Thread 0x000001c56a13f5d0 flushing  nmethod 0x000001c518765190
Event: 23.692 Thread 0x000001c56a13f5d0 flushing  nmethod 0x000001c518765a10
Event: 23.692 Thread 0x000001c56a13f5d0 flushing  nmethod 0x000001c518767890
Event: 23.692 Thread 0x000001c56a13f5d0 flushing  nmethod 0x000001c51876b610
Event: 23.692 Thread 0x000001c56a13f5d0 flushing  nmethod 0x000001c518799710
Event: 23.692 Thread 0x000001c56a13f5d0 flushing  nmethod 0x000001c518799d90
Event: 23.692 Thread 0x000001c56a13f5d0 flushing  nmethod 0x000001c51879d790
Event: 23.692 Thread 0x000001c56a13f5d0 flushing  nmethod 0x000001c5187a2790
Event: 23.692 Thread 0x000001c56a13f5d0 flushing  nmethod 0x000001c5187bc790
Event: 23.692 Thread 0x000001c56a13f5d0 flushing  nmethod 0x000001c5187c9010
Event: 23.692 Thread 0x000001c56a13f5d0 flushing  nmethod 0x000001c5187f4690
Event: 23.692 Thread 0x000001c56a13f5d0 flushing  nmethod 0x000001c5187f6190
Event: 23.692 Thread 0x000001c56a13f5d0 flushing  nmethod 0x000001c518805290
Event: 23.692 Thread 0x000001c56a13f5d0 flushing  nmethod 0x000001c51880d590

Events (20 events):
Event: 12.646 Thread 0x000001c56f574710 Thread exited: 0x000001c56f574710
Event: 12.675 Thread 0x000001c56a1b8410 Thread added: 0x000001c56f574710
Event: 14.677 Thread 0x000001c56f574710 Thread exited: 0x000001c56f574710
Event: 14.995 Thread 0x000001c56a1b8410 Thread added: 0x000001c56f70b110
Event: 16.452 Thread 0x000001c56f70b110 Thread exited: 0x000001c56f70b110
Event: 16.705 Thread 0x000001c56fd9aab0 Thread added: 0x000001c571790eb0
Event: 16.707 Thread 0x000001c571790eb0 Thread added: 0x000001c5718bb420
Event: 16.708 Thread 0x000001c571790eb0 Thread added: 0x000001c5718ba070
Event: 16.708 Thread 0x000001c5718bb420 Thread added: 0x000001c5718bbab0
Event: 16.749 Thread 0x000001c56fd9aab0 Thread added: 0x000001c5718ba700
Event: 17.363 Thread 0x000001c56a1b8410 Thread added: 0x000001c5731ee850
Event: 18.230 Thread 0x000001c56fd9aab0 Thread added: 0x000001c5718bc7d0
Event: 18.861 Thread 0x000001c56fd9aab0 Thread added: 0x000001c5718bc140
Event: 19.434 Thread 0x000001c56fd9aab0 Thread added: 0x000001c5718bce60
Event: 19.947 Thread 0x000001c56fd9aab0 Thread added: 0x000001c5718bad90
Event: 26.284 Thread 0x000001c56fd97cc0 Thread added: 0x000001c56fd42280
Event: 26.512 Thread 0x000001c56fd42280 Thread added: 0x000001c56fd42fa0
Event: 29.286 Thread 0x000001c56fd98350 Thread added: 0x000001c56fd3da50
Event: 29.287 Thread 0x000001c571790190 Thread added: 0x000001c56fd40ed0
Event: 30.114 Thread 0x000001c56fd40ed0 Thread added: 0x000001c56fd41bf0


Dynamic libraries:
0x00007ff734b70000 - 0x00007ff734b7e000 	c:\Users\andresito\.vscode\extensions\redhat.java-1.40.0-win32-x64\jre\21.0.6-win32-x86_64\bin\java.exe
0x00007ff9af590000 - 0x00007ff9af7a7000 	C:\windows\SYSTEM32\ntdll.dll
0x00007ff9aebf0000 - 0x00007ff9aecb4000 	C:\windows\System32\KERNEL32.DLL
0x00007ff9ac860000 - 0x00007ff9acc1a000 	C:\windows\System32\KERNELBASE.dll
0x00007ff9ace10000 - 0x00007ff9acf21000 	C:\windows\System32\ucrtbase.dll
0x00007ff9a7c10000 - 0x00007ff9a7c28000 	c:\Users\andresito\.vscode\extensions\redhat.java-1.40.0-win32-x64\jre\21.0.6-win32-x86_64\bin\jli.dll
0x00007ff9aeda0000 - 0x00007ff9aef4e000 	C:\windows\System32\USER32.dll
0x00007ff9ad1a0000 - 0x00007ff9ad1c6000 	C:\windows\System32\win32u.dll
0x00007ff9af100000 - 0x00007ff9af129000 	C:\windows\System32\GDI32.dll
0x00007ff9ad000000 - 0x00007ff9ad11b000 	C:\windows\System32\gdi32full.dll
0x00007ff9acf30000 - 0x00007ff9acfca000 	C:\windows\System32\msvcp_win.dll
0x00007ff9a3580000 - 0x00007ff9a359e000 	c:\Users\andresito\.vscode\extensions\redhat.java-1.40.0-win32-x64\jre\21.0.6-win32-x86_64\bin\VCRUNTIME140.dll
0x00007ff99b580000 - 0x00007ff99b812000 	C:\windows\WinSxS\amd64_microsoft.windows.common-controls_6595b64144ccf1df_6.0.22621.4541_none_2710d1c57384c085\COMCTL32.dll
0x00007ff9ad540000 - 0x00007ff9ad5e7000 	C:\windows\System32\msvcrt.dll
0x00007ff9ad4c0000 - 0x00007ff9ad4f1000 	C:\windows\System32\IMM32.DLL
0x00007ff9a5b10000 - 0x00007ff9a5b1c000 	c:\Users\andresito\.vscode\extensions\redhat.java-1.40.0-win32-x64\jre\21.0.6-win32-x86_64\bin\vcruntime140_1.dll
0x00007ff973280000 - 0x00007ff97330d000 	c:\Users\andresito\.vscode\extensions\redhat.java-1.40.0-win32-x64\jre\21.0.6-win32-x86_64\bin\msvcp140.dll
0x00007ff95c240000 - 0x00007ff95cfd0000 	c:\Users\andresito\.vscode\extensions\redhat.java-1.40.0-win32-x64\jre\21.0.6-win32-x86_64\bin\server\jvm.dll
0x00007ff9ad290000 - 0x00007ff9ad342000 	C:\windows\System32\ADVAPI32.dll
0x00007ff9ade70000 - 0x00007ff9adf17000 	C:\windows\System32\sechost.dll
0x00007ff9acfd0000 - 0x00007ff9acff8000 	C:\windows\System32\bcrypt.dll
0x00007ff9adf40000 - 0x00007ff9ae054000 	C:\windows\System32\RPCRT4.dll
0x00007ff9ae060000 - 0x00007ff9ae0d1000 	C:\windows\System32\WS2_32.dll
0x00007ff9ab6f0000 - 0x00007ff9ab73d000 	C:\windows\SYSTEM32\POWRPROF.dll
0x00007ff9a80d0000 - 0x00007ff9a8104000 	C:\windows\SYSTEM32\WINMM.dll
0x00007ff9a45f0000 - 0x00007ff9a45fa000 	C:\windows\SYSTEM32\VERSION.dll
0x00007ff9ab6d0000 - 0x00007ff9ab6e3000 	C:\windows\SYSTEM32\UMPDC.dll
0x00007ff9ab990000 - 0x00007ff9ab9a8000 	C:\windows\SYSTEM32\kernel.appcore.dll
0x00007ff99a1a0000 - 0x00007ff99a1aa000 	c:\Users\andresito\.vscode\extensions\redhat.java-1.40.0-win32-x64\jre\21.0.6-win32-x86_64\bin\jimage.dll
0x00007ff98b560000 - 0x00007ff98b792000 	C:\windows\SYSTEM32\DBGHELP.DLL
0x00007ff9ae760000 - 0x00007ff9aeaef000 	C:\windows\System32\combase.dll
0x00007ff9aecc0000 - 0x00007ff9aed97000 	C:\windows\System32\OLEAUT32.dll
0x00007ff98b520000 - 0x00007ff98b552000 	C:\windows\SYSTEM32\dbgcore.DLL
0x00007ff9ad120000 - 0x00007ff9ad19b000 	C:\windows\System32\bcryptPrimitives.dll
0x00007ff9995e0000 - 0x00007ff9995ef000 	c:\Users\andresito\.vscode\extensions\redhat.java-1.40.0-win32-x64\jre\21.0.6-win32-x86_64\bin\instrument.dll
0x00007ff9972f0000 - 0x00007ff99730f000 	c:\Users\andresito\.vscode\extensions\redhat.java-1.40.0-win32-x64\jre\21.0.6-win32-x86_64\bin\java.dll
0x00007ff9ad5f0000 - 0x00007ff9ade68000 	C:\windows\System32\SHELL32.dll
0x00007ff9aa640000 - 0x00007ff9aaf48000 	C:\windows\SYSTEM32\windows.storage.dll
0x00007ff9aaf90000 - 0x00007ff9ab0cf000 	C:\windows\SYSTEM32\wintypes.dll
0x00007ff9ae660000 - 0x00007ff9ae75a000 	C:\windows\System32\SHCORE.dll
0x00007ff9af350000 - 0x00007ff9af3ae000 	C:\windows\System32\shlwapi.dll
0x00007ff9ac790000 - 0x00007ff9ac7bb000 	C:\windows\SYSTEM32\profapi.dll
0x00007ff98baa0000 - 0x00007ff98bab8000 	c:\Users\andresito\.vscode\extensions\redhat.java-1.40.0-win32-x64\jre\21.0.6-win32-x86_64\bin\zip.dll
0x00007ff9995d0000 - 0x00007ff9995e0000 	C:\Users\andresito\.vscode\extensions\redhat.java-1.40.0-win32-x64\jre\21.0.6-win32-x86_64\bin\net.dll
0x00007ff9aa150000 - 0x00007ff9aa286000 	C:\windows\SYSTEM32\WINHTTP.dll
0x00007ff9abe10000 - 0x00007ff9abe79000 	C:\windows\system32\mswsock.dll
0x00007ff9816a0000 - 0x00007ff9816b6000 	C:\Users\andresito\.vscode\extensions\redhat.java-1.40.0-win32-x64\jre\21.0.6-win32-x86_64\bin\nio.dll
0x00007ff998ad0000 - 0x00007ff998ae0000 	c:\Users\andresito\.vscode\extensions\redhat.java-1.40.0-win32-x64\jre\21.0.6-win32-x86_64\bin\verify.dll
0x00007ff973fb0000 - 0x00007ff973ff5000 	C:\Users\andresito\AppData\Roaming\Code\User\globalStorage\redhat.java\1.40.0\config_win\org.eclipse.equinox.launcher\org.eclipse.equinox.launcher.win32.win32.x86_64_1.2.1200.v20250212-0927\eclipse_11909.dll
0x00007ff9aef50000 - 0x00007ff9af0f5000 	C:\windows\System32\ole32.dll
0x00007ff9ac060000 - 0x00007ff9ac07b000 	C:\windows\SYSTEM32\CRYPTSP.dll
0x00007ff9ab8f0000 - 0x00007ff9ab925000 	C:\windows\system32\rsaenh.dll
0x00007ff9abf00000 - 0x00007ff9abf28000 	C:\windows\SYSTEM32\USERENV.dll
0x00007ff9ac080000 - 0x00007ff9ac08c000 	C:\windows\SYSTEM32\CRYPTBASE.dll
0x00007ff9ab310000 - 0x00007ff9ab33d000 	C:\windows\SYSTEM32\IPHLPAPI.DLL
0x00007ff9af410000 - 0x00007ff9af419000 	C:\windows\System32\NSI.dll
0x00007ff970520000 - 0x00007ff970569000 	C:\Users\andresito\AppData\Local\Temp\jna-1122769051\jna13339996090938009327.dll
0x00007ff9ad500000 - 0x00007ff9ad508000 	C:\windows\System32\PSAPI.DLL
0x00007ff9a8b30000 - 0x00007ff9a8b49000 	C:\windows\SYSTEM32\dhcpcsvc6.DLL
0x00007ff9a8a70000 - 0x00007ff9a8a8f000 	C:\windows\SYSTEM32\dhcpcsvc.DLL

dbghelp: loaded successfully - version: 4.0.5 - missing functions: none
symbol engine: initialized successfully - sym options: 0x614 - pdb path: .;c:\Users\andresito\.vscode\extensions\redhat.java-1.40.0-win32-x64\jre\21.0.6-win32-x86_64\bin;C:\windows\SYSTEM32;C:\windows\WinSxS\amd64_microsoft.windows.common-controls_6595b64144ccf1df_6.0.22621.4541_none_2710d1c57384c085;c:\Users\andresito\.vscode\extensions\redhat.java-1.40.0-win32-x64\jre\21.0.6-win32-x86_64\bin\server;C:\Users\andresito\AppData\Roaming\Code\User\globalStorage\redhat.java\1.40.0\config_win\org.eclipse.equinox.launcher\org.eclipse.equinox.launcher.win32.win32.x86_64_1.2.1200.v20250212-0927;C:\Users\andresito\AppData\Local\Temp\jna-1122769051

VM Arguments:
jvm_args: --add-modules=ALL-SYSTEM --add-opens=java.base/java.util=ALL-UNNAMED --add-opens=java.base/java.lang=ALL-UNNAMED --add-opens=java.base/sun.nio.fs=ALL-UNNAMED -Declipse.application=org.eclipse.jdt.ls.core.id1 -Dosgi.bundles.defaultStartLevel=4 -Declipse.product=org.eclipse.jdt.ls.core.product -Djava.import.generatesMetadataFilesAtProjectRoot=false -DDetectVMInstallationsJob.disabled=true -Dfile.encoding=utf8 -XX:+UseParallelGC -XX:GCTimeRatio=4 -XX:AdaptiveSizePolicyWeight=90 -Dsun.zip.disableMemoryMapping=true -Xmx1G -Xms100m -Xlog:disable -javaagent:c:\Users\andresito\.vscode\extensions\redhat.java-1.40.0-win32-x64\lombok\lombok-1.18.36.jar -XX:+HeapDumpOnOutOfMemoryError -XX:HeapDumpPath=c:\Users\andresito\AppData\Roaming\Code\User\workspaceStorage\070172428c624401fee5b041fa7bc833\redhat.java -Daether.dependencyCollector.impl=bf 
java_command: c:\Users\andresito\.vscode\extensions\redhat.java-1.40.0-win32-x64\server\plugins\org.eclipse.equinox.launcher_1.6.1000.v20250131-0606.jar -configuration c:\Users\andresito\AppData\Roaming\Code\User\globalStorage\redhat.java\1.40.0\config_win -data c:\Users\andresito\AppData\Roaming\Code\User\workspaceStorage\070172428c624401fee5b041fa7bc833\redhat.java\jdt_ws --pipe=\\.\pipe\lsp-2fc3ebf929a119453869cdeae0de8d41-sock
java_class_path (initial): c:\Users\andresito\.vscode\extensions\redhat.java-1.40.0-win32-x64\server\plugins\org.eclipse.equinox.launcher_1.6.1000.v20250131-0606.jar
Launcher Type: SUN_STANDARD

[Global flags]
    uintx AdaptiveSizePolicyWeight                 = 90                                        {product} {command line}
     intx CICompilerCount                          = 3                                         {product} {ergonomic}
    uintx GCTimeRatio                              = 4                                         {product} {command line}
     bool HeapDumpOnOutOfMemoryError               = true                                   {manageable} {command line}
    ccstr HeapDumpPath                             = c:\Users\andresito\AppData\Roaming\Code\User\workspaceStorage\070172428c624401fee5b041fa7bc833\redhat.java         {manageable} {command line}
   size_t InitialHeapSize                          = 104857600                                 {product} {command line}
   size_t MaxHeapSize                              = 1073741824                                {product} {command line}
   size_t MaxNewSize                               = 357564416                                 {product} {ergonomic}
   size_t MinHeapDeltaBytes                        = 524288                                    {product} {ergonomic}
   size_t MinHeapSize                              = 104857600                                 {product} {command line}
   size_t NewSize                                  = 34603008                                  {product} {ergonomic}
    uintx NonNMethodCodeHeapSize                   = 5832780                                {pd product} {ergonomic}
    uintx NonProfiledCodeHeapSize                  = 122912730                              {pd product} {ergonomic}
   size_t OldSize                                  = 70254592                                  {product} {ergonomic}
    uintx ProfiledCodeHeapSize                     = 122912730                              {pd product} {ergonomic}
    uintx ReservedCodeCacheSize                    = 251658240                              {pd product} {ergonomic}
     bool SegmentedCodeCache                       = true                                      {product} {ergonomic}
   size_t SoftMaxHeapSize                          = 1073741824                             {manageable} {ergonomic}
     bool UseCompressedOops                        = true                           {product lp64_product} {ergonomic}
     bool UseLargePagesIndividualAllocation        = false                                  {pd product} {ergonomic}
     bool UseParallelGC                            = true                                      {product} {command line}

Logging:
Log output configuration:
 #0: stdout all=off uptime,level,tags foldmultilines=false
 #1: stderr all=off uptime,level,tags foldmultilines=false

Environment Variables:
PATH=C:\windows\system32;C:\windows;C:\windows\System32\Wbem;C:\windows\System32\WindowsPowerShell\v1.0\;C:\windows\System32\OpenSSH\;C:\msys64\ucrt64\bin;C:\Program Files\Git\cmd;C:\Program Files\CMake\bin;C:\apache-maven-3.9.9\bin;C:\jdk-23.0.1\bin;C:\Users\andresito\AppData\Local\Programs\Python\Python312\Scripts\;C:\Users\andresito\AppData\Local\Programs\Python\Python312\;C:\Users\andresito\AppData\Local\Programs\Python\Launcher\;C:\Users\andresito\AppData\Local\Microsoft\WindowsApps;C:\Users\andresito\AppData\Local\Programs\Microsoft VS Code\bin;C:\Users\andresito\AppData\Local\GitHubDesktop\bin;C:\Program Files\JetBrains\CLion 2023.3.2\bin;;C:\Program Files\JetBrains\IntelliJ IDEA 2023.3.4\bin;
USERNAME=andresito
OS=Windows_NT
PROCESSOR_IDENTIFIER=Intel64 Family 6 Model 78 Stepping 3, GenuineIntel
TMP=C:\Users\ANDRES~1\AppData\Local\Temp
TEMP=C:\Users\ANDRES~1\AppData\Local\Temp




Periodic native trim disabled

---------------  S Y S T E M  ---------------

OS:
 Windows 11 , 64 bit Build 22621 (10.0.22621.4391)
OS uptime: 0 days 10:54 hours

CPU: total 4 (initial active 4) (2 cores per cpu, 2 threads per core) family 6 model 78 stepping 3 microcode 0xf0, cx8, cmov, fxsr, ht, mmx, 3dnowpref, sse, sse2, sse3, ssse3, sse4.1, sse4.2, popcnt, lzcnt, tsc, tscinvbit, avx, avx2, aes, erms, clmul, bmi1, bmi2, rtm, adx, fma, vzeroupper, clflush, clflushopt, rdtscp, f16c
Processor Information for the first 4 processors :
  Max Mhz: 2808, Current Mhz: 2607, Mhz Limit: 2583

Memory: 4k page, system-wide physical 8047M (1029M free)
TotalPageFile size 8047M (AvailPageFile size 6M)
current process WorkingSet (physical memory assigned to process): 434M, peak: 437M
current process commit charge ("private bytes"): 432M, peak: 955M

vm_info: OpenJDK 64-Bit Server VM (21.0.6+7-LTS) for windows-amd64 JRE (21.0.6+7-LTS), built on 2025-01-21T00:00:00Z by "admin" with MS VC++ 17.7 (VS2022)

END.
